---
source: tui/src/chatwidget/tests/side.rs
assertion_line: 309
expression: terminal.backend()
---
"                                                                                "
"                                                                                "
"› Check recently modified functions for compatibility                           "
"                                                                                "
"  gpt-5.4 default · … Side from main thread · main needs input · Esc to return  "
